{"case": "list", "system": "ap", "variant": "baseline", "repetition": 1, "exit": 0, "passed": true}
{"case": "list", "system": "ap", "variant": "iadt-empty-tail", "repetition": 1, "exit": 0, "passed": true}
{"case": "imported-local-sorted", "system": "ap", "variant": "baseline", "repetition": 1, "exit": 0, "passed": true}
{"case": "imported-local-sorted", "system": "ap", "variant": "iadt-empty-tail", "repetition": 1, "exit": 0, "passed": true}
{"case": "trees4", "system": "ap", "variant": "baseline", "repetition": 1, "exit": 0, "passed": true}
{"case": "trees4", "system": "ap", "variant": "iadt-empty-tail", "repetition": 1, "exit": 0, "passed": true}
{"case": "trees16", "system": "ap", "variant": "baseline", "repetition": 1, "exit": 0, "passed": true}
{"case": "trees16", "system": "ap", "variant": "iadt-empty-tail", "repetition": 1, "exit": 0, "passed": true}
{"case": "trees64", "system": "ap", "variant": "baseline", "repetition": 1, "exit": 0, "passed": true}
{"case": "trees64", "system": "ap", "variant": "iadt-empty-tail", "repetition": 1, "exit": 0, "passed": true}
{"case": "trees400", "system": "ap", "variant": "baseline", "repetition": 1, "exit": 0, "passed": true}
{"case": "trees400", "system": "ap", "variant": "iadt-empty-tail", "repetition": 1, "exit": 0, "passed": true}
{"case": "list", "system": "ap", "variant": "iadt-empty-tail", "repetition": 2, "exit": 0, "passed": true}
{"case": "list", "system": "ap", "variant": "baseline", "repetition": 2, "exit": 0, "passed": true}
{"case": "imported-local-sorted", "system": "ap", "variant": "iadt-empty-tail", "repetition": 2, "exit": 0, "passed": true}
{"case": "imported-local-sorted", "system": "ap", "variant": "baseline", "repetition": 2, "exit": 0, "passed": true}
{"case": "trees4", "system": "ap", "variant": "iadt-empty-tail", "repetition": 2, "exit": 0, "passed": true}
{"case": "trees4", "system": "ap", "variant": "baseline", "repetition": 2, "exit": 0, "passed": true}
{"case": "trees16", "system": "ap", "variant": "iadt-empty-tail", "repetition": 2, "exit": 0, "passed": true}
{"case": "trees16", "system": "ap", "variant": "baseline", "repetition": 2, "exit": 0, "passed": true}
{"case": "trees64", "system": "ap", "variant": "iadt-empty-tail", "repetition": 2, "exit": 0, "passed": true}
{"case": "trees64", "system": "ap", "variant": "baseline", "repetition": 2, "exit": 0, "passed": true}
{"case": "trees400", "system": "ap", "variant": "iadt-empty-tail", "repetition": 2, "exit": 0, "passed": true}
{"case": "trees400", "system": "ap", "variant": "baseline", "repetition": 2, "exit": 0, "passed": true}
{"case": "list", "system": "ap", "variant": "baseline", "repetition": 3, "exit": 0, "passed": true}
{"case": "list", "system": "ap", "variant": "iadt-empty-tail", "repetition": 3, "exit": 0, "passed": true}
{"case": "imported-local-sorted", "system": "ap", "variant": "baseline", "repetition": 3, "exit": 0, "passed": true}
{"case": "imported-local-sorted", "system": "ap", "variant": "iadt-empty-tail", "repetition": 3, "exit": 0, "passed": true}
{"case": "trees4", "system": "ap", "variant": "baseline", "repetition": 3, "exit": 0, "passed": true}
{"case": "trees4", "system": "ap", "variant": "iadt-empty-tail", "repetition": 3, "exit": 0, "passed": true}
{"case": "trees16", "system": "ap", "variant": "baseline", "repetition": 3, "exit": 0, "passed": true}
{"case": "trees16", "system": "ap", "variant": "iadt-empty-tail", "repetition": 3, "exit": 0, "passed": true}
{"case": "trees64", "system": "ap", "variant": "baseline", "repetition": 3, "exit": 0, "passed": true}
{"case": "trees64", "system": "ap", "variant": "iadt-empty-tail", "repetition": 3, "exit": 0, "passed": true}
{"case": "trees400", "system": "ap", "variant": "baseline", "repetition": 3, "exit": 0, "passed": true}
{"case": "trees400", "system": "ap", "variant": "iadt-empty-tail", "repetition": 3, "exit": 0, "passed": true}
