
=================================================================
==64==ERROR: LeakSanitizer: detected memory leaks

Direct leak of 2528064 byte(s) in 154 object(s) allocated from:
    #0 0x7f7bff2f4610 in calloc ../../../../src/libsanitizer/asan/asan_malloc_linux.cpp:77
    #1 0x40283f in pg_alloc /tmp/ap-performance-2d747cc-final-20261003/src/graph.c:29
    #2 0x56b977 in readback_read /tmp/ap-performance-2d747cc-final-20261003/src/eval_io.c:284
    #3 0x56dcf0 in materialization_read /tmp/ap-performance-2d747cc-final-20261003/src/eval_io.c:410
    #4 0x5704b3 in pg_eval_frames_payload_read_with /tmp/ap-performance-2d747cc-final-20261003/src/eval_io.c:599
    #5 0x53bb33 in pg_computation_frames_read_with /tmp/ap-performance-2d747cc-final-20261003/src/computation_io.c:522
    #6 0x52c8f4 in configurations_read /tmp/ap-performance-2d747cc-final-20261003/src/machine_io.c:149
    #7 0x52ce31 in payload_read /tmp/ap-performance-2d747cc-final-20261003/src/machine_io.c:203
    #8 0x534b4c in pg_computation_machine_read_with /tmp/ap-performance-2d747cc-final-20261003/src/computation_io.c:91
    #9 0x5304f5 in pg_computation_machine_read /tmp/ap-performance-2d747cc-final-20261003/src/machine_io.c:237
    #10 0x57a6df in machine_resave /tmp/ap-performance-broad-f3c3555-20261003/sanitizers/tests/identity_io.c:61
    #11 0x5acd19 in family_resume /tmp/ap-performance-broad-f3c3555-20261003/sanitizers/tests/identity_io.c:643
    #12 0x5af412 in main /tmp/ap-performance-broad-f3c3555-20261003/sanitizers/tests/identity_io.c:3288
    #13 0x7f7bfe835ca7  (/lib/x86_64-linux-gnu/libc.so.6+0x29ca7) (BuildId: 58749c528985eab03e6700ebc1469fa50aa41219)

Direct leak of 377568 byte(s) in 23 object(s) allocated from:
    #0 0x7f7bff2f4610 in calloc ../../../../src/libsanitizer/asan/asan_malloc_linux.cpp:77
    #1 0x40283f in pg_alloc /tmp/ap-performance-2d747cc-final-20261003/src/graph.c:29
    #2 0x56b977 in readback_read /tmp/ap-performance-2d747cc-final-20261003/src/eval_io.c:284
    #3 0x56dcf0 in materialization_read /tmp/ap-performance-2d747cc-final-20261003/src/eval_io.c:410
    #4 0x5704b3 in pg_eval_frames_payload_read_with /tmp/ap-performance-2d747cc-final-20261003/src/eval_io.c:599
    #5 0x53bb33 in pg_computation_frames_read_with /tmp/ap-performance-2d747cc-final-20261003/src/computation_io.c:522
    #6 0x52c8f4 in configurations_read /tmp/ap-performance-2d747cc-final-20261003/src/machine_io.c:149
    #7 0x52ce31 in payload_read /tmp/ap-performance-2d747cc-final-20261003/src/machine_io.c:203
    #8 0x52e5dd in whnf_payload_read /tmp/ap-performance-2d747cc-final-20261003/src/machine_io.c:283
    #9 0x534b4c in pg_computation_machine_read_with /tmp/ap-performance-2d747cc-final-20261003/src/computation_io.c:91
    #10 0x531b0f in pg_whnf_pending_read /tmp/ap-performance-2d747cc-final-20261003/src/machine_io.c:320
    #11 0x571a80 in whnf_image_read /tmp/ap-performance-broad-f3c3555-20261003/sanitizers/tests/identity_io.c:2198
    #12 0x560a87 in pg_graph_image_read /tmp/ap-performance-2d747cc-final-20261003/src/graph_io.c:107
    #13 0x57bf0b in whnf_progress /tmp/ap-performance-broad-f3c3555-20261003/sanitizers/tests/identity_io.c:2260
    #14 0x5b2fa6 in main /tmp/ap-performance-broad-f3c3555-20261003/sanitizers/tests/identity_io.c:3296
    #15 0x7f7bfe835ca7  (/lib/x86_64-linux-gnu/libc.so.6+0x29ca7) (BuildId: 58749c528985eab03e6700ebc1469fa50aa41219)

Direct leak of 377568 byte(s) in 23 object(s) allocated from:
    #0 0x7f7bff2f4610 in calloc ../../../../src/libsanitizer/asan/asan_malloc_linux.cpp:77
    #1 0x40283f in pg_alloc /tmp/ap-performance-2d747cc-final-20261003/src/graph.c:29
    #2 0x56b977 in readback_read /tmp/ap-performance-2d747cc-final-20261003/src/eval_io.c:284
    #3 0x56dcf0 in materialization_read /tmp/ap-performance-2d747cc-final-20261003/src/eval_io.c:410
    #4 0x5704b3 in pg_eval_frames_payload_read_with /tmp/ap-performance-2d747cc-final-20261003/src/eval_io.c:599
    #5 0x53bb33 in pg_computation_frames_read_with /tmp/ap-performance-2d747cc-final-20261003/src/computation_io.c:522
    #6 0x52c8f4 in configurations_read /tmp/ap-performance-2d747cc-final-20261003/src/machine_io.c:149
    #7 0x52ce31 in payload_read /tmp/ap-performance-2d747cc-final-20261003/src/machine_io.c:203
    #8 0x534b4c in pg_computation_machine_read_with /tmp/ap-performance-2d747cc-final-20261003/src/computation_io.c:91
    #9 0x5304f5 in pg_computation_machine_read /tmp/ap-performance-2d747cc-final-20261003/src/machine_io.c:237
    #10 0x57a6df in machine_resave /tmp/ap-performance-broad-f3c3555-20261003/sanitizers/tests/identity_io.c:61
    #11 0x58d3e4 in result_frames /tmp/ap-performance-broad-f3c3555-20261003/sanitizers/tests/identity_io.c:2053
    #12 0x5b2f9c in main /tmp/ap-performance-broad-f3c3555-20261003/sanitizers/tests/identity_io.c:3294
    #13 0x7f7bfe835ca7  (/lib/x86_64-linux-gnu/libc.so.6+0x29ca7) (BuildId: 58749c528985eab03e6700ebc1469fa50aa41219)

Direct leak of 180576 byte(s) in 11 object(s) allocated from:
    #0 0x7f7bff2f4610 in calloc ../../../../src/libsanitizer/asan/asan_malloc_linux.cpp:77
    #1 0x40283f in pg_alloc /tmp/ap-performance-2d747cc-final-20261003/src/graph.c:29
    #2 0x56b977 in readback_read /tmp/ap-performance-2d747cc-final-20261003/src/eval_io.c:284
    #3 0x56dcf0 in materialization_read /tmp/ap-performance-2d747cc-final-20261003/src/eval_io.c:410
    #4 0x5704b3 in pg_eval_frames_payload_read_with /tmp/ap-performance-2d747cc-final-20261003/src/eval_io.c:599
    #5 0x53bb33 in pg_computation_frames_read_with /tmp/ap-performance-2d747cc-final-20261003/src/computation_io.c:522
    #6 0x52c8f4 in configurations_read /tmp/ap-performance-2d747cc-final-20261003/src/machine_io.c:149
    #7 0x52ce31 in payload_read /tmp/ap-performance-2d747cc-final-20261003/src/machine_io.c:203
    #8 0x534b4c in pg_computation_machine_read_with /tmp/ap-performance-2d747cc-final-20261003/src/computation_io.c:91
    #9 0x5304f5 in pg_computation_machine_read /tmp/ap-performance-2d747cc-final-20261003/src/machine_io.c:237
    #10 0x57a6df in machine_resave /tmp/ap-performance-broad-f3c3555-20261003/sanitizers/tests/identity_io.c:61
    #11 0x5a5ef2 in prefix_progress /tmp/ap-performance-broad-f3c3555-20261003/sanitizers/tests/identity_io.c:1466
    #12 0x5b2ff6 in main /tmp/ap-performance-broad-f3c3555-20261003/sanitizers/tests/identity_io.c:3308
    #13 0x7f7bfe835ca7  (/lib/x86_64-linux-gnu/libc.so.6+0x29ca7) (BuildId: 58749c528985eab03e6700ebc1469fa50aa41219)

Direct leak of 131328 byte(s) in 8 object(s) allocated from:
    #0 0x7f7bff2f4610 in calloc ../../../../src/libsanitizer/asan/asan_malloc_linux.cpp:77
    #1 0x40283f in pg_alloc /tmp/ap-performance-2d747cc-final-20261003/src/graph.c:29
    #2 0x56b977 in readback_read /tmp/ap-performance-2d747cc-final-20261003/src/eval_io.c:284
    #3 0x56dcf0 in materialization_read /tmp/ap-performance-2d747cc-final-20261003/src/eval_io.c:410
    #4 0x5704b3 in pg_eval_frames_payload_read_with /tmp/ap-performance-2d747cc-final-20261003/src/eval_io.c:599
    #5 0x53bb33 in pg_computation_frames_read_with /tmp/ap-performance-2d747cc-final-20261003/src/computation_io.c:522
    #6 0x575335 in work_frames_read /tmp/ap-performance-broad-f3c3555-20261003/sanitizers/tests/identity_io.c:1223
    #7 0x57553b in machine_config_read /tmp/ap-performance-broad-f3c3555-20261003/sanitizers/tests/identity_io.c:1246
    #8 0x575b1e in machine_payload_read /tmp/ap-performance-broad-f3c3555-20261003/sanitizers/tests/identity_io.c:1276
    #9 0x534b4c in pg_computation_machine_read_with /tmp/ap-performance-2d747cc-final-20261003/src/computation_io.c:91
    #10 0x57ebe4 in machine_envelope /tmp/ap-performance-broad-f3c3555-20261003/sanitizers/tests/identity_io.c:1343
    #11 0x5af3f4 in main /tmp/ap-performance-broad-f3c3555-20261003/sanitizers/tests/identity_io.c:3282
    #12 0x7f7bfe835ca7  (/lib/x86_64-linux-gnu/libc.so.6+0x29ca7) (BuildId: 58749c528985eab03e6700ebc1469fa50aa41219)

Direct leak of 82080 byte(s) in 5 object(s) allocated from:
    #0 0x7f7bff2f4610 in calloc ../../../../src/libsanitizer/asan/asan_malloc_linux.cpp:77
    #1 0x40283f in pg_alloc /tmp/ap-performance-2d747cc-final-20261003/src/graph.c:29
    #2 0x56b977 in readback_read /tmp/ap-performance-2d747cc-final-20261003/src/eval_io.c:284
    #3 0x56dcf0 in materialization_read /tmp/ap-performance-2d747cc-final-20261003/src/eval_io.c:410
    #4 0x5704b3 in pg_eval_frames_payload_read_with /tmp/ap-performance-2d747cc-final-20261003/src/eval_io.c:599
    #5 0x53bb33 in pg_computation_frames_read_with /tmp/ap-performance-2d747cc-final-20261003/src/computation_io.c:522
    #6 0x53c6fb in pg_computation_frames_read /tmp/ap-performance-2d747cc-final-20261003/src/computation_io.c:581
    #7 0x58dc4d in force_frames /tmp/ap-performance-broad-f3c3555-20261003/sanitizers/tests/identity_io.c:864
    #8 0x5b2fd8 in main /tmp/ap-performance-broad-f3c3555-20261003/sanitizers/tests/identity_io.c:3304
    #9 0x7f7bfe835ca7  (/lib/x86_64-linux-gnu/libc.so.6+0x29ca7) (BuildId: 58749c528985eab03e6700ebc1469fa50aa41219)

Direct leak of 82080 byte(s) in 5 object(s) allocated from:
    #0 0x7f7bff2f4610 in calloc ../../../../src/libsanitizer/asan/asan_malloc_linux.cpp:77
    #1 0x40283f in pg_alloc /tmp/ap-performance-2d747cc-final-20261003/src/graph.c:29
    #2 0x56b977 in readback_read /tmp/ap-performance-2d747cc-final-20261003/src/eval_io.c:284
    #3 0x56dcf0 in materialization_read /tmp/ap-performance-2d747cc-final-20261003/src/eval_io.c:410
    #4 0x5704b3 in pg_eval_frames_payload_read_with /tmp/ap-performance-2d747cc-final-20261003/src/eval_io.c:599
    #5 0x53bb33 in pg_computation_frames_read_with /tmp/ap-performance-2d747cc-final-20261003/src/computation_io.c:522
    #6 0x575335 in work_frames_read /tmp/ap-performance-broad-f3c3555-20261003/sanitizers/tests/identity_io.c:1223
    #7 0x53f0be in pg_action_scope_work_read_with /tmp/ap-performance-2d747cc-final-20261003/src/identity_io.c:607
    #8 0x59c46d in discovery_progress /tmp/ap-performance-broad-f3c3555-20261003/sanitizers/tests/identity_io.c:2731
    #9 0x5b2fc9 in main /tmp/ap-performance-broad-f3c3555-20261003/sanitizers/tests/identity_io.c:3301
    #10 0x7f7bfe835ca7  (/lib/x86_64-linux-gnu/libc.so.6+0x29ca7) (BuildId: 58749c528985eab03e6700ebc1469fa50aa41219)

Direct leak of 49248 byte(s) in 3 object(s) allocated from:
    #0 0x7f7bff2f4610 in calloc ../../../../src/libsanitizer/asan/asan_malloc_linux.cpp:77
    #1 0x40283f in pg_alloc /tmp/ap-performance-2d747cc-final-20261003/src/graph.c:29
    #2 0x56b977 in readback_read /tmp/ap-performance-2d747cc-final-20261003/src/eval_io.c:284
    #3 0x56dcf0 in materialization_read /tmp/ap-performance-2d747cc-final-20261003/src/eval_io.c:410
    #4 0x5704b3 in pg_eval_frames_payload_read_with /tmp/ap-performance-2d747cc-final-20261003/src/eval_io.c:599
    #5 0x53bb33 in pg_computation_frames_read_with /tmp/ap-performance-2d747cc-final-20261003/src/computation_io.c:522
    #6 0x52c8f4 in configurations_read /tmp/ap-performance-2d747cc-final-20261003/src/machine_io.c:149
    #7 0x52ce31 in payload_read /tmp/ap-performance-2d747cc-final-20261003/src/machine_io.c:203
    #8 0x534b4c in pg_computation_machine_read_with /tmp/ap-performance-2d747cc-final-20261003/src/computation_io.c:91
    #9 0x5304f5 in pg_computation_machine_read /tmp/ap-performance-2d747cc-final-20261003/src/machine_io.c:237
    #10 0x530e55 in forest_read /tmp/ap-performance-2d747cc-final-20261003/src/machine_io.c:388
    #11 0x560a87 in pg_graph_image_read /tmp/ap-performance-2d747cc-final-20261003/src/graph_io.c:107
    #12 0x532583 in pg_computation_machines_read /tmp/ap-performance-2d747cc-final-20261003/src/machine_io.c:405
    #13 0x58fa23 in machine_forest /tmp/ap-performance-broad-f3c3555-20261003/sanitizers/tests/identity_io.c:2150
    #14 0x5b2fa1 in main /tmp/ap-performance-broad-f3c3555-20261003/sanitizers/tests/identity_io.c:3295
    #15 0x7f7bfe835ca7  (/lib/x86_64-linux-gnu/libc.so.6+0x29ca7) (BuildId: 58749c528985eab03e6700ebc1469fa50aa41219)

Direct leak of 49248 byte(s) in 3 object(s) allocated from:
    #0 0x7f7bff2f4610 in calloc ../../../../src/libsanitizer/asan/asan_malloc_linux.cpp:77
    #1 0x40283f in pg_alloc /tmp/ap-performance-2d747cc-final-20261003/src/graph.c:29
    #2 0x56b977 in readback_read /tmp/ap-performance-2d747cc-final-20261003/src/eval_io.c:284
    #3 0x56dcf0 in materialization_read /tmp/ap-performance-2d747cc-final-20261003/src/eval_io.c:410
    #4 0x5704b3 in pg_eval_frames_payload_read_with /tmp/ap-performance-2d747cc-final-20261003/src/eval_io.c:599
    #5 0x53bb33 in pg_computation_frames_read_with /tmp/ap-performance-2d747cc-final-20261003/src/computation_io.c:522
    #6 0x575335 in work_frames_read /tmp/ap-performance-broad-f3c3555-20261003/sanitizers/tests/identity_io.c:1223
    #7 0x57553b in machine_config_read /tmp/ap-performance-broad-f3c3555-20261003/sanitizers/tests/identity_io.c:1246
    #8 0x53f0be in pg_action_scope_work_read_with /tmp/ap-performance-2d747cc-final-20261003/src/identity_io.c:607
    #9 0x575778 in machine_payload_read /tmp/ap-performance-broad-f3c3555-20261003/sanitizers/tests/identity_io.c:1274
    #10 0x534b4c in pg_computation_machine_read_with /tmp/ap-performance-2d747cc-final-20261003/src/computation_io.c:91
    #11 0x57ebe4 in machine_envelope /tmp/ap-performance-broad-f3c3555-20261003/sanitizers/tests/identity_io.c:1343
    #12 0x5af3f4 in main /tmp/ap-performance-broad-f3c3555-20261003/sanitizers/tests/identity_io.c:3282
    #13 0x7f7bfe835ca7  (/lib/x86_64-linux-gnu/libc.so.6+0x29ca7) (BuildId: 58749c528985eab03e6700ebc1469fa50aa41219)

Direct leak of 49248 byte(s) in 3 object(s) allocated from:
    #0 0x7f7bff2f4610 in calloc ../../../../src/libsanitizer/asan/asan_malloc_linux.cpp:77
    #1 0x40283f in pg_alloc /tmp/ap-performance-2d747cc-final-20261003/src/graph.c:29
    #2 0x56b977 in readback_read /tmp/ap-performance-2d747cc-final-20261003/src/eval_io.c:284
    #3 0x56dcf0 in materialization_read /tmp/ap-performance-2d747cc-final-20261003/src/eval_io.c:410
    #4 0x5704b3 in pg_eval_frames_payload_read_with /tmp/ap-performance-2d747cc-final-20261003/src/eval_io.c:599
    #5 0x53bb33 in pg_computation_frames_read_with /tmp/ap-performance-2d747cc-final-20261003/src/computation_io.c:522
    #6 0x52c8f4 in configurations_read /tmp/ap-performance-2d747cc-final-20261003/src/machine_io.c:149
    #7 0x535bef in pg_symmetry_prefix_read_with /tmp/ap-performance-2d747cc-final-20261003/src/computation_io.c:177
    #8 0x52d40c in payload_read /tmp/ap-performance-2d747cc-final-20261003/src/machine_io.c:195
    #9 0x534b4c in pg_computation_machine_read_with /tmp/ap-performance-2d747cc-final-20261003/src/computation_io.c:91
    #10 0x5304f5 in pg_computation_machine_read /tmp/ap-performance-2d747cc-final-20261003/src/machine_io.c:237
    #11 0x57a6df in machine_resave /tmp/ap-performance-broad-f3c3555-20261003/sanitizers/tests/identity_io.c:61
    #12 0x5a5ef2 in prefix_progress /tmp/ap-performance-broad-f3c3555-20261003/sanitizers/tests/identity_io.c:1466
    #13 0x5b2ff6 in main /tmp/ap-performance-broad-f3c3555-20261003/sanitizers/tests/identity_io.c:3308
    #14 0x7f7bfe835ca7  (/lib/x86_64-linux-gnu/libc.so.6+0x29ca7) (BuildId: 58749c528985eab03e6700ebc1469fa50aa41219)

Direct leak of 32832 byte(s) in 2 object(s) allocated from:
    #0 0x7f7bff2f4610 in calloc ../../../../src/libsanitizer/asan/asan_malloc_linux.cpp:77
    #1 0x40283f in pg_alloc /tmp/ap-performance-2d747cc-final-20261003/src/graph.c:29
    #2 0x56b977 in readback_read /tmp/ap-performance-2d747cc-final-20261003/src/eval_io.c:284
    #3 0x56dcf0 in materialization_read /tmp/ap-performance-2d747cc-final-20261003/src/eval_io.c:410
    #4 0x5704b3 in pg_eval_frames_payload_read_with /tmp/ap-performance-2d747cc-final-20261003/src/eval_io.c:599
    #5 0x53bb33 in pg_computation_frames_read_with /tmp/ap-performance-2d747cc-final-20261003/src/computation_io.c:522
    #6 0x52c8f4 in configurations_read /tmp/ap-performance-2d747cc-final-20261003/src/machine_io.c:149
    #7 0x53f0be in pg_action_scope_work_read_with /tmp/ap-performance-2d747cc-final-20261003/src/identity_io.c:607
    #8 0x52d5c6 in payload_read /tmp/ap-performance-2d747cc-final-20261003/src/machine_io.c:200
    #9 0x534b4c in pg_computation_machine_read_with /tmp/ap-performance-2d747cc-final-20261003/src/computation_io.c:91
    #10 0x5304f5 in pg_computation_machine_read /tmp/ap-performance-2d747cc-final-20261003/src/machine_io.c:237
    #11 0x57a6df in machine_resave /tmp/ap-performance-broad-f3c3555-20261003/sanitizers/tests/identity_io.c:61
    #12 0x58d3e4 in result_frames /tmp/ap-performance-broad-f3c3555-20261003/sanitizers/tests/identity_io.c:2053
    #13 0x5b2f9c in main /tmp/ap-performance-broad-f3c3555-20261003/sanitizers/tests/identity_io.c:3294
    #14 0x7f7bfe835ca7  (/lib/x86_64-linux-gnu/libc.so.6+0x29ca7) (BuildId: 58749c528985eab03e6700ebc1469fa50aa41219)

Direct leak of 32832 byte(s) in 2 object(s) allocated from:
    #0 0x7f7bff2f4610 in calloc ../../../../src/libsanitizer/asan/asan_malloc_linux.cpp:77
    #1 0x40283f in pg_alloc /tmp/ap-performance-2d747cc-final-20261003/src/graph.c:29
    #2 0x56b977 in readback_read /tmp/ap-performance-2d747cc-final-20261003/src/eval_io.c:284
    #3 0x56dcf0 in materialization_read /tmp/ap-performance-2d747cc-final-20261003/src/eval_io.c:410
    #4 0x5704b3 in pg_eval_frames_payload_read_with /tmp/ap-performance-2d747cc-final-20261003/src/eval_io.c:599
    #5 0x53bb33 in pg_computation_frames_read_with /tmp/ap-performance-2d747cc-final-20261003/src/computation_io.c:522
    #6 0x52c8f4 in configurations_read /tmp/ap-performance-2d747cc-final-20261003/src/machine_io.c:149
    #7 0x53f0be in pg_action_scope_work_read_with /tmp/ap-performance-2d747cc-final-20261003/src/identity_io.c:607
    #8 0x52d5c6 in payload_read /tmp/ap-performance-2d747cc-final-20261003/src/machine_io.c:200
    #9 0x52e5dd in whnf_payload_read /tmp/ap-performance-2d747cc-final-20261003/src/machine_io.c:283
    #10 0x534b4c in pg_computation_machine_read_with /tmp/ap-performance-2d747cc-final-20261003/src/computation_io.c:91
    #11 0x531b0f in pg_whnf_pending_read /tmp/ap-performance-2d747cc-final-20261003/src/machine_io.c:320
    #12 0x571a80 in whnf_image_read /tmp/ap-performance-broad-f3c3555-20261003/sanitizers/tests/identity_io.c:2198
    #13 0x560a87 in pg_graph_image_read /tmp/ap-performance-2d747cc-final-20261003/src/graph_io.c:107
    #14 0x57bf0b in whnf_progress /tmp/ap-performance-broad-f3c3555-20261003/sanitizers/tests/identity_io.c:2260
    #15 0x5b2fa6 in main /tmp/ap-performance-broad-f3c3555-20261003/sanitizers/tests/identity_io.c:3296
    #16 0x7f7bfe835ca7  (/lib/x86_64-linux-gnu/libc.so.6+0x29ca7) (BuildId: 58749c528985eab03e6700ebc1469fa50aa41219)

Direct leak of 16416 byte(s) in 1 object(s) allocated from:
    #0 0x7f7bff2f4610 in calloc ../../../../src/libsanitizer/asan/asan_malloc_linux.cpp:77
    #1 0x40283f in pg_alloc /tmp/ap-performance-2d747cc-final-20261003/src/graph.c:29
    #2 0x56b977 in readback_read /tmp/ap-performance-2d747cc-final-20261003/src/eval_io.c:284
    #3 0x56dcf0 in materialization_read /tmp/ap-performance-2d747cc-final-20261003/src/eval_io.c:410
    #4 0x5704b3 in pg_eval_frames_payload_read_with /tmp/ap-performance-2d747cc-final-20261003/src/eval_io.c:599
    #5 0x53bb33 in pg_computation_frames_read_with /tmp/ap-performance-2d747cc-final-20261003/src/computation_io.c:522
    #6 0x52c8f4 in configurations_read /tmp/ap-performance-2d747cc-final-20261003/src/machine_io.c:149
    #7 0x52ce31 in payload_read /tmp/ap-performance-2d747cc-final-20261003/src/machine_io.c:203
    #8 0x534b4c in pg_computation_machine_read_with /tmp/ap-performance-2d747cc-final-20261003/src/computation_io.c:91
    #9 0x5304f5 in pg_computation_machine_read /tmp/ap-performance-2d747cc-final-20261003/src/machine_io.c:237
    #10 0x57a6df in machine_resave /tmp/ap-performance-broad-f3c3555-20261003/sanitizers/tests/identity_io.c:61
    #11 0x57af8f in total_result_machine /tmp/ap-performance-broad-f3c3555-20261003/sanitizers/tests/identity_io.c:2085
    #12 0x5b2fd3 in main /tmp/ap-performance-broad-f3c3555-20261003/sanitizers/tests/identity_io.c:3303
    #13 0x7f7bfe835ca7  (/lib/x86_64-linux-gnu/libc.so.6+0x29ca7) (BuildId: 58749c528985eab03e6700ebc1469fa50aa41219)

SUMMARY: AddressSanitizer: 3989088 byte(s) leaked in 243 allocation(s).
/tmp/ap-performance-broad-f3c3555-20261003/sanitizers/tests/identity_io.sh: line 6:    64 Aborted                 "$binary"
